// Jest Snapshot v1, https://goo.gl/fbAQLP

exports[`Match Quote Snapshot 1`] = `
<div
  className="quote-container"
>
  <h1
    className="quote-text"
  >
    Mathematics is not about numbers, equations, computations, or algorithms: it is about understanding. -
    <span
      className="quote-author"
    >
      William Paul Thurston
    </span>
  </h1>
</div>
`;
